// Jest Snapshot v1, https://goo.gl/fbAQLP

exports[`Snapshot testing 1`] = `
<View
  style={
    [
      undefined,
      {
        "alignItems": "center",
        "flexDirection": "row",
        "flexWrap": "wrap",
      },
      {
        "alignItems": "center",
        "flex": 1,
        "flexWrap": "wrap",
        "justifyContent": "flex-start",
      },
    ]
  }
  testID="RADIO_GROUP"
>
  <View
    style={
      [
        {
          "alignSelf": "flex-start",
          "flexDirection": "row",
          "marginTop": 8,
        },
        {
          "width": -93.75,
        },
      ]
    }
  >
    <View
      accessibilityState={
        {
          "busy": undefined,
          "checked": undefined,
          "disabled": undefined,
          "expanded": undefined,
          "selected": undefined,
        }
      }
      accessibilityValue={
        {
          "max": undefined,
          "min": undefined,
          "now": undefined,
          "text": undefined,
        }
      }
      accessible={true}
      collapsable={false}
      focusable={true}
      onClick={[Function]}
      onResponderGrant={[Function]}
      onResponderMove={[Function]}
      onResponderRelease={[Function]}
      onResponderTerminate={[Function]}
      onResponderTerminationRequest={[Function]}
      onStartShouldSetResponder={[Function]}
      style={
        {
          "alignItems": "center",
          "backgroundColor": "#FFFFFF",
          "borderColor": "#131F30",
          "borderRadius": 10,
          "borderWidth": 1,
          "height": 20,
          "justifyContent": "center",
          "opacity": 1,
          "width": 20,
        }
      }
      testID="RADIO_GROUP_BUTTON"
    >
      <View
        style={
          [
            {
              "borderRadius": 10,
              "height": 16,
              "justifyContent": "flex-start",
              "width": 16,
            },
            [
              {
                "backgroundColor": "#131F30",
              },
            ],
          ]
        }
      />
    </View>
    <Text
      accessibilityState={
        {
          "busy": undefined,
          "checked": undefined,
          "disabled": undefined,
          "expanded": undefined,
          "selected": undefined,
        }
      }
      accessible={true}
      focusable={true}
      numberOfLines={1}
      onClick={[Function]}
      onResponderGrant={[Function]}
      onResponderMove={[Function]}
      onResponderRelease={[Function]}
      onResponderTerminate={[Function]}
      onResponderTerminationRequest={[Function]}
      onStartShouldSetResponder={[Function]}
      style={
        [
          {
            "fontFamily": "ProximaNova-Regular",
          },
          {
            "color": "#131F30",
            "fontSize": 27,
          },
          {
            "lineHeight": 42,
          },
          {
            "fontSize": 14,
            "marginLeft": 10,
            "marginRight": 16,
          },
        ]
      }
      testID="RADIO_GROUP_LABEL"
    >
      Male
    </Text>
  </View>
  <View
    style={
      [
        {
          "alignSelf": "flex-start",
          "flexDirection": "row",
          "marginTop": 8,
        },
        {
          "width": -93.75,
        },
      ]
    }
  >
    <View
      accessibilityState={
        {
          "busy": undefined,
          "checked": undefined,
          "disabled": undefined,
          "expanded": undefined,
          "selected": undefined,
        }
      }
      accessibilityValue={
        {
          "max": undefined,
          "min": undefined,
          "now": undefined,
          "text": undefined,
        }
      }
      accessible={true}
      collapsable={false}
      focusable={true}
      onClick={[Function]}
      onResponderGrant={[Function]}
      onResponderMove={[Function]}
      onResponderRelease={[Function]}
      onResponderTerminate={[Function]}
      onResponderTerminationRequest={[Function]}
      onStartShouldSetResponder={[Function]}
      style={
        {
          "alignItems": "center",
          "backgroundColor": "#FFFFFF",
          "borderColor": "#131F30",
          "borderRadius": 10,
          "borderWidth": 1,
          "height": 20,
          "justifyContent": "center",
          "opacity": 1,
          "width": 20,
        }
      }
      testID="RADIO_GROUP_BUTTON"
    >
      <View
        style={
          [
            {
              "borderRadius": 10,
              "height": 16,
              "justifyContent": "flex-start",
              "width": 16,
            },
            [
              {
                "backgroundColor": "#FFFFFF",
              },
            ],
          ]
        }
      />
    </View>
    <Text
      accessibilityState={
        {
          "busy": undefined,
          "checked": undefined,
          "disabled": undefined,
          "expanded": undefined,
          "selected": undefined,
        }
      }
      accessible={true}
      focusable={true}
      numberOfLines={1}
      onClick={[Function]}
      onResponderGrant={[Function]}
      onResponderMove={[Function]}
      onResponderRelease={[Function]}
      onResponderTerminate={[Function]}
      onResponderTerminationRequest={[Function]}
      onStartShouldSetResponder={[Function]}
      style={
        [
          {
            "fontFamily": "ProximaNova-Regular",
          },
          {
            "color": "#131F30",
            "fontSize": 27,
          },
          {
            "lineHeight": 42,
          },
          {
            "fontSize": 14,
            "marginLeft": 10,
            "marginRight": 16,
          },
        ]
      }
      testID="RADIO_GROUP_LABEL"
    >
      Female
    </Text>
  </View>
  <View
    style={
      [
        {
          "alignSelf": "flex-start",
          "flexDirection": "row",
          "marginTop": 8,
        },
        {
          "width": -93.75,
        },
      ]
    }
  >
    <View
      accessibilityState={
        {
          "busy": undefined,
          "checked": undefined,
          "disabled": undefined,
          "expanded": undefined,
          "selected": undefined,
        }
      }
      accessibilityValue={
        {
          "max": undefined,
          "min": undefined,
          "now": undefined,
          "text": undefined,
        }
      }
      accessible={true}
      collapsable={false}
      focusable={true}
      onClick={[Function]}
      onResponderGrant={[Function]}
      onResponderMove={[Function]}
      onResponderRelease={[Function]}
      onResponderTerminate={[Function]}
      onResponderTerminationRequest={[Function]}
      onStartShouldSetResponder={[Function]}
      style={
        {
          "alignItems": "center",
          "backgroundColor": "#FFFFFF",
          "borderColor": "#131F30",
          "borderRadius": 10,
          "borderWidth": 1,
          "height": 20,
          "justifyContent": "center",
          "opacity": 1,
          "width": 20,
        }
      }
      testID="RADIO_GROUP_BUTTON"
    >
      <View
        style={
          [
            {
              "borderRadius": 10,
              "height": 16,
              "justifyContent": "flex-start",
              "width": 16,
            },
            [
              {
                "backgroundColor": "#FFFFFF",
              },
            ],
          ]
        }
      />
    </View>
    <Text
      accessibilityState={
        {
          "busy": undefined,
          "checked": undefined,
          "disabled": undefined,
          "expanded": undefined,
          "selected": undefined,
        }
      }
      accessible={true}
      focusable={true}
      numberOfLines={1}
      onClick={[Function]}
      onResponderGrant={[Function]}
      onResponderMove={[Function]}
      onResponderRelease={[Function]}
      onResponderTerminate={[Function]}
      onResponderTerminationRequest={[Function]}
      onStartShouldSetResponder={[Function]}
      style={
        [
          {
            "fontFamily": "ProximaNova-Regular",
          },
          {
            "color": "#131F30",
            "fontSize": 27,
          },
          {
            "lineHeight": 42,
          },
          {
            "fontSize": 14,
            "marginLeft": 10,
            "marginRight": 16,
          },
        ]
      }
      testID="RADIO_GROUP_LABEL"
    >
      Others
    </Text>
  </View>
</View>
`;
