// Jest Snapshot v1, https://goo.gl/fbAQLP

exports[`Renders snapshot as expected 1`] = `
<View
  style={
    [
      {
        "borderRadius": 5,
        "justifyContent": "center",
      },
      {
        "backgroundColor": "#B7BBC2",
      },
      undefined,
    ]
  }
>
  <Modal
    animationType="none"
    hardwareAccelerated={false}
    testID="dropdown-modal"
    transparent={true}
    visible={false}
  />
  <View
    accessibilityState={
      {
        "busy": undefined,
        "checked": undefined,
        "disabled": undefined,
        "expanded": undefined,
        "selected": undefined,
      }
    }
    accessibilityValue={
      {
        "max": undefined,
        "min": undefined,
        "now": undefined,
        "text": undefined,
      }
    }
    accessible={true}
    collapsable={false}
    focusable={true}
    onBlur={[Function]}
    onClick={[Function]}
    onFocus={[Function]}
    onResponderGrant={[Function]}
    onResponderMove={[Function]}
    onResponderRelease={[Function]}
    onResponderTerminate={[Function]}
    onResponderTerminationRequest={[Function]}
    onStartShouldSetResponder={[Function]}
    testID="dropdown-click"
  >
    <View
      style={
        [
          {
            "alignItems": "center",
            "flexDirection": "row",
            "height": 44,
            "justifyContent": "space-between",
            "paddingHorizontal": 12,
            "paddingVertical": 10,
          },
        ]
      }
    >
      <View
        style={
          [
            {
              "alignItems": "center",
              "flex": 1,
              "justifyContent": "center",
            },
            undefined,
          ]
        }
      >
        <Text
          numberOfLines={1}
          style={
            [
              {
                "fontFamily": "ProximaNova-Regular",
              },
              {
                "color": "#131F30",
                "fontSize": 27,
              },
              {
                "lineHeight": 42,
              },
              [
                {
                  "textAlign": "center",
                },
                {
                  "color": "#131F30",
                },
                undefined,
              ],
            ]
          }
        >
          Select Gender
        </Text>
      </View>
      <SvgMock
        fill="#6B7280"
        height={15}
        style={
          [
            {
              "aspectRatio": 1,
              "resizeMode": "contain",
              "width": 12,
            },
            undefined,
          ]
        }
        width={15}
      />
    </View>
  </View>
</View>
`;
