// Jest Snapshot v1, https://goo.gl/fbAQLP

exports[`Segmented control tests snapshot 1`] = `
<View
  style={
    {
      "backgroundColor": "#FFFFFF",
      "elevation": 3,
      "paddingHorizontal": 18,
      "paddingVertical": 10,
      "shadowColor": "#000000",
      "shadowOffset": {
        "height": 1,
        "width": 0,
      },
      "shadowOpacity": 0.4,
      "shadowRadius": 2,
    }
  }
>
  <View
    onLayout={[Function]}
    style={
      [
        {
          "alignItems": "center",
          "borderRadius": 10,
          "borderStyle": "solid",
          "flexDirection": "row",
          "height": 35,
          "overflow": "hidden",
        },
        {
          "backgroundColor": "#E5E5E5",
        },
        undefined,
      ]
    }
  >
    <View
      collapsable={false}
      style={
        {
          "backgroundColor": "#1d4ed8",
          "borderRadius": 10,
          "bottom": 0,
          "end": 0,
          "position": "absolute",
          "start": 0,
          "top": 0,
          "transform": [
            {
              "translateX": 0,
            },
          ],
          "width": 0,
        }
      }
      testID="animatedView"
    />
    <View
      style={
        {
          "alignItems": "center",
          "backgroundColor": "transparent",
          "flex": 1,
          "flexDirection": "row",
          "justifyContent": "space-around",
        }
      }
    >
      <View
        accessibilityState={
          {
            "busy": undefined,
            "checked": undefined,
            "disabled": undefined,
            "expanded": undefined,
            "selected": undefined,
          }
        }
        accessibilityValue={
          {
            "max": undefined,
            "min": undefined,
            "now": undefined,
            "text": undefined,
          }
        }
        accessible={true}
        collapsable={false}
        focusable={true}
        onClick={[Function]}
        onResponderGrant={[Function]}
        onResponderMove={[Function]}
        onResponderRelease={[Function]}
        onResponderTerminate={[Function]}
        onResponderTerminationRequest={[Function]}
        onStartShouldSetResponder={[Function]}
        style={
          {
            "alignContent": "center",
            "alignItems": "center",
            "flex": 1,
            "opacity": 1,
          }
        }
      >
        <Text
          numberOfLines={1}
          style={
            [
              {
                "fontFamily": "ProximaNova-Bold",
              },
              {
                "color": "#131F30",
                "fontSize": 27,
              },
              {
                "lineHeight": 35,
              },
              [
                {
                  "fontSize": 25,
                },
                [
                  {
                    "color": "#6E7582",
                  },
                ],
              ],
            ]
          }
        >
          Label 1
        </Text>
      </View>
      <View
        accessibilityState={
          {
            "busy": undefined,
            "checked": undefined,
            "disabled": undefined,
            "expanded": undefined,
            "selected": undefined,
          }
        }
        accessibilityValue={
          {
            "max": undefined,
            "min": undefined,
            "now": undefined,
            "text": undefined,
          }
        }
        accessible={true}
        collapsable={false}
        focusable={true}
        onClick={[Function]}
        onResponderGrant={[Function]}
        onResponderMove={[Function]}
        onResponderRelease={[Function]}
        onResponderTerminate={[Function]}
        onResponderTerminationRequest={[Function]}
        onStartShouldSetResponder={[Function]}
        style={
          {
            "alignContent": "center",
            "alignItems": "center",
            "flex": 1,
            "opacity": 1,
          }
        }
      >
        <Text
          numberOfLines={1}
          style={
            [
              {
                "fontFamily": "ProximaNova-Bold",
              },
              {
                "color": "#131F30",
                "fontSize": 27,
              },
              {
                "lineHeight": 35,
              },
              [
                {
                  "fontSize": 25,
                },
                [
                  {
                    "color": "#FFFFFF",
                  },
                ],
              ],
            ]
          }
        >
          Label 2
        </Text>
      </View>
      <View
        accessibilityState={
          {
            "busy": undefined,
            "checked": undefined,
            "disabled": undefined,
            "expanded": undefined,
            "selected": undefined,
          }
        }
        accessibilityValue={
          {
            "max": undefined,
            "min": undefined,
            "now": undefined,
            "text": undefined,
          }
        }
        accessible={true}
        collapsable={false}
        focusable={true}
        onClick={[Function]}
        onResponderGrant={[Function]}
        onResponderMove={[Function]}
        onResponderRelease={[Function]}
        onResponderTerminate={[Function]}
        onResponderTerminationRequest={[Function]}
        onStartShouldSetResponder={[Function]}
        style={
          {
            "alignContent": "center",
            "alignItems": "center",
            "flex": 1,
            "opacity": 1,
          }
        }
      >
        <Text
          numberOfLines={1}
          style={
            [
              {
                "fontFamily": "ProximaNova-Bold",
              },
              {
                "color": "#131F30",
                "fontSize": 27,
              },
              {
                "lineHeight": 35,
              },
              [
                {
                  "fontSize": 25,
                },
                [
                  {
                    "color": "#6E7582",
                  },
                ],
              ],
            ]
          }
        >
          Label 3
        </Text>
      </View>
    </View>
  </View>
</View>
`;
