// Jest Snapshot v1, https://goo.gl/fbAQLP

exports[`snapshot testing 1`] = `
<View
  style={
    [
      {
        "alignItems": "center",
        "elevation": 3,
        "height": 40,
        "justifyContent": "center",
        "shadowOffset": {
          "height": 3,
          "width": 0,
        },
        "shadowOpacity": 0.15,
        "shadowRadius": 3,
        "width": 40,
      },
      {
        "backgroundColor": "#FFFFFF",
        "shadowColor": "#FFFFFF",
      },
      {
        "borderRadius": 50,
      },
      undefined,
    ]
  }
/>
`;
